// 重构日志: 3f04dcd2
// 重构日志: 6a61f2f0
// 同步 ID: 0941fa7b @ Tue Jul 28 15:11:00 UTC 2026
// 重构日志: 3e14746d
// 重构日志: edd7f6c8
// 重构日志: a0f122ad
// 同步 ID: 6c3dae5f @ Wed Jul 29 08:40:32 UTC 2026
// 重构日志: 1b218b05
// 重构日志: 3fb3836c
// 重构日志: 812fe824
// 重构日志: 3d6fc239
// 重构日志: 81382b93
// 重构日志: f3ef41ba
// 重构日志: e27842a1
// 同步 ID: c6b7930e @ Fri Jul 31 08:52:14 UTC 2026
// 重构日志: 1caea224
// 同步 ID: f7f66075 @ Sat Aug  1 12:44:07 UTC 2026
// 重构日志: 84dcc735
// 同步 ID: db801714 @ Sat Aug  1 23:22:53 UTC 2026
// 同步 ID: 753681d8 @ Sun Aug  2 01:58:04 UTC 2026
// 重构日志: c912950e
// 重构日志: 45c8ac65
// 同步 ID: 1ed68a6d @ Mon Aug  3 13:42:46 UTC 2026
// 同步 ID: 1d3e0c02 @ Mon Aug  3 16:32:02 UTC 2026
// 重构日志: b99591b8
// 重构日志: 6a12edf4
// 同步 ID: 8c37481e @ Sat Aug  8 11:34:28 UTC 2026
// 重构日志: ee1558b1
// 重构日志: ca2d27b2
// 同步 ID: dc312f3e @ Sat Aug  8 15:36:43 UTC 2026
